                                                                                                  20:19 Sunday, November 9, 2003   1

-------------------------------------------------------------- Age=11 --------------------------------------------------------------

                                                  Name     Sex    Height    Weight

                                                 Joyce      F      51.3      50.5 
                                                 Thomas     M      57.5      85.0 
                                                                                                  20:19 Sunday, November 9, 2003   2

-------------------------------------------------------------- Age=12 --------------------------------------------------------------

                                                  Name     Sex    Height    Weight

                                                 James      M      57.3       83.0
                                                 Jane       F      59.8       84.5
                                                 John       M      59.0       99.5
                                                 Louise     F      56.3       77.0
                                                 Robert     M      64.8      128.0
                                                                                                  20:19 Sunday, November 9, 2003   3

-------------------------------------------------------------- Age=13 --------------------------------------------------------------

                                                  Name      Sex    Height    Weight

                                                 Alice       F      56.5       84  
                                                 Barbara     F      65.3       98  
                                                 Jeffrey     M      62.5       84  
                                                                                                  20:19 Sunday, November 9, 2003   4

-------------------------------------------------------------- Age=14 --------------------------------------------------------------

                                                  Name     Sex    Height    Weight

                                                 Alfred     M      69.0      112.5
                                                 Carol      F      62.8      102.5
                                                 Henry      M      63.5      102.5
                                                 Judy       F      64.3       90.0
                                                                                                  20:19 Sunday, November 9, 2003   5

-------------------------------------------------------------- Age=15 --------------------------------------------------------------

                                                 Name       Sex    Height    Weight

                                                 Janet       F      62.5      112.5
                                                 Mary        F      66.5      112.0
                                                 Ronald      M      67.0      133.0
                                                 William     M      66.5      112.0
                                                                                                  20:19 Sunday, November 9, 2003   6

-------------------------------------------------------------- Age=16 --------------------------------------------------------------

                                                  Name     Sex    Height    Weight

                                                 Philip     M       72        150 
