                                           A system title        01:59 Monday, November 17, 2003   1
                                        Another system title

                                         The GLM Procedure

                                      Class Level Information
 
            Class         Levels    Values

            type               7    clarion clinton knox o'neill compost wabash webster 

            block              3    1 2 3                                               
 
 
 
 
 
 
 
 
 
 
 
 
 
 
 
 
 
 
 
 
 
 
 
 
 
 
 
 
 
 
 
 
 
 
 
 
 
 
 
 
 
 
 
 
 
 
                                          A system Footer
                                       Another system Footer
                                           A system title        01:59 Monday, November 17, 2003   2
                                        Another system title

                                         The GLM Procedure
 
                             Waller-Duncan K-ratio t Test for stemleng

                              Kratio                              100
                              Error Degrees of Freedom             12
                              Error Mean Square              1.645238
                              F Value                           10.45
                              Critical Value of t             2.12034
                              Minimum Significant Difference   2.2206


                     Means with the same letter are not significantly different.
 
 
                      Waller Grouping          Mean      N    type

                                    A        35.967      3    wabash 
                                    A                                
                                    A        34.900      3    knox   
                                    A                                
                               B    A        33.800      3    o'neill
                               B                                     
                               B    C        32.167      3    clarion
                                    C                                
                               D    C        31.100      3    webster
                               D    C                                
                               D    C        30.300      3    clinton
                               D                                     
                               D             29.667      3    compost
 
 
 
 
 
 
 
 
 
 
 
 
 
 
 
 
 
 
 
 
 
 
 
 
 
                                          A system Footer
                                       Another system Footer
