                                                           The SAS System                        03:44 Tuesday, October 28, 2003   1

                             -------------------------------------------------------------------------
                             |                                      |              TYPE              |
                             |                                      |--------------------------------|
                             |                                      |  Direct  | Indirect |  Other   |
                             |                                      |----------+----------+----------|
                             |                                      | Average  | Average  | Average  |
                             |                                      | Revenue  | Revenue  | Revenue  |
                             |--------------------------------------+----------+----------+----------|
                             |HUB               |REVENUE SOURCE     |          |          |          |
                             |------------------+-------------------|          |          |          |
                             |Frankfurt         |Freight            |   1464938|    198942|    144685|
                             |                  |-------------------+----------+----------+----------|
                             |                  |Other              |    111193|     12057|     10717|
                             |                  |-------------------+----------+----------+----------|
                             |                  |Passenger          |   3460389|    421999|    337599|
                             |                  |-------------------+----------+----------+----------|
                             |                  |Service            |    444773|     58946|     32152|
                             |------------------+-------------------+----------+----------+----------|
                             |London            |Freight            |   2066789|    429463|    187890|
                             |                  |-------------------+----------+----------+----------|
                             |                  |Other              |    257027|     45549|     22775|
                             |                  |-------------------+----------+----------+----------|
                             |                  |Passenger          |   3743157|    719838|    335924|
                             |                  |-------------------+----------+----------+----------|
                             |                  |Service            |    257027|     52056|     16268|
                             |------------------+-------------------+----------+----------+----------|
                             |New York          |Freight            |   2636487|    353675|    225066|
                             |                  |-------------------+----------+----------+----------|
                             |                  |Other              |    450132|     48228|     37511|
                             |                  |-------------------+----------+----------+----------|
                             |                  |Passenger          |   7449951|    897584|    628309|
                             |                  |-------------------+----------+----------+----------|
                             |                  |Service            |    562665|     73682|     33492|
                             |------------------+-------------------+----------+----------+----------|
                             |San Francisco     |Freight            |   2092769|    439223|     51673|
                             |                  |-------------------+----------+----------+----------|
                             |                  |Other              |    214444|     38755|      5167|
                             |                  |-------------------+----------+----------+----------|
                             |                  |Passenger          |   4340558|    868112|    217028|
                             |                  |-------------------+----------+----------+----------|
                             |                  |Service            |    285926|     58563|         0|
                             |------------------+-------------------+----------+----------+----------|
                             |Sydney            |Freight            |    873279|    212722|     33588|
                             |                  |-------------------+----------+----------+----------|
                             |                  |Other              |    149278|     31722|      5598|
                             |                  |-------------------+----------+----------+----------|
                             |                  |Passenger          |   3537899|    806104|    134351|
                             |                  |-------------------+----------+----------+----------|
                             |                  |Service            |    348316|     82725|      4354|
                             |------------------+-------------------+----------+----------+----------|
                             |Tokyo             |Freight            |    363627|    100476|     14354|
                             |                  |-------------------+----------+----------+----------|
                             |                  |Other              |    149278|     36363|      5741|
                             |                  |-------------------+----------+----------+----------|
                             |                  |Passenger          |   2984133|    775100|    116265|
                             -------------------------------------------------------------------------

                             (Continued)
                                                           The SAS System                        03:44 Tuesday, October 28, 2003   2

                             -------------------------------------------------------------------------
                             |                                      |              TYPE              |
                             |                                      |--------------------------------|
                             |                                      |  Direct  | Indirect |  Other   |
                             |                                      |----------+----------+----------|
                             |                                      | Average  | Average  | Average  |
                             |                                      | Revenue  | Revenue  | Revenue  |
                             |--------------------------------------+----------+----------+----------|
                             |HUB               |REVENUE SOURCE     |          |          |          |
                             |------------------+-------------------|          |          |          |
                             |Tokyo             |Service            |    186598|     50238|      2392|
                             -------------------------------------------------------------------------
