                                                           The SAS System                       17:37 Friday, September 21, 2007   1
                                                                  
                                                    15 pt first rightfirst left
                                               no justify redSecond rightSecond left

-------------------------------------------------------------- Age=11 --------------------------------------------------------------

                                           „ƒƒƒƒƒƒƒƒƒƒƒƒƒƒƒƒƒƒƒƒƒƒƒƒƒƒƒƒƒƒƒ…ƒƒƒƒƒƒƒƒƒƒƒƒ†
                                           ‚                               ‚   Weight   ‚
                                           ‡ƒƒƒƒƒƒƒƒƒƒƒƒƒƒƒ…ƒƒƒƒƒƒƒƒƒƒƒƒƒƒƒˆƒƒƒƒƒƒƒƒƒƒƒƒ‰
                                           ‚Age            ‚               ‚            ‚
                                           ‡ƒƒƒƒƒƒƒƒƒƒƒƒƒƒƒˆƒƒƒƒƒƒƒƒƒƒƒƒƒƒƒ‰            ‚
                                           ‚11             ‚Mean           ‚       67.75‚
                                           ‡ƒƒƒƒƒƒƒƒƒ…ƒƒƒƒƒ‹ƒƒƒ…ƒƒƒƒƒƒƒƒƒƒƒˆƒƒƒƒƒƒƒƒƒƒƒƒ‰
                                           ‚All      ‚Sex      ‚           ‚            ‚
                                           ‚         ‡ƒƒƒƒƒƒƒƒƒˆƒƒƒƒƒƒƒƒƒƒƒ‰            ‚
                                           ‚         ‚F        ‚Mean       ‚       50.50‚
                                           ‚         ‡ƒƒƒƒƒƒƒƒƒˆƒƒƒƒƒƒƒƒƒƒƒˆƒƒƒƒƒƒƒƒƒƒƒƒ‰
                                           ‚         ‚M        ‚Mean       ‚       85.00‚
                                           Šƒƒƒƒƒƒƒƒƒ‹ƒƒƒƒƒƒƒƒƒ‹ƒƒƒƒƒƒƒƒƒƒƒ‹ƒƒƒƒƒƒƒƒƒƒƒƒŒ
