                                                  !!!!!!!!! My New Title !!!!!!!!!                19:08 Sunday, November 2, 2003   1

                                          Obs     Name     Sex    Age    Height    Weight

                                            1    Alfred     M      14      69       112.5
 
 
 
 
 
 
 
 
 
 
 
 
 
 
 
 
 
 
 
 
 
 
 
 
 
 
 
 
 
 
 
 
 
 
 
 
 
 
 
 
 
 
 
 
 
 
 
 
 
 
 
 
 
 
                                                 ######## My New Footnote ########
                                                  !!!!!!!!! My New Title !!!!!!!!!                19:08 Sunday, November 2, 2003   2

                                          Obs     Name     Sex    Age    Height    Weight

                                            1    Alfred     M      14      69       112.5
 
 
 
 
 
 
 
 
 
 
 
 
 
 
 
 
 
 
 
 
 
 
 
 
 
 
 
 
 
 
 
 
 
 
 
 
 
 
 
 
 
 
 
 
 
 
 
 
 
 
 
 
 
 
                                                 ######## My New Footnote ########
                                                  !!!!!!!!! My New Title !!!!!!!!!                19:08 Sunday, November 2, 2003   3

                                          Obs     Name     Sex    Age    Height    Weight

                                            1    Alfred     M      14      69       112.5
 
 
 
 
 
 
 
 
 
 
 
 
 
 
 
 
 
 
 
 
 
 
 
 
 
 
 
 
 
 
 
 
 
 
 
 
 
 
 
 
 
 
 
 
 
 
 
 
 
 
 
 
 
 
                                                 ######## My New Footnote ########
                                                  !!!!!!!!! My New Title !!!!!!!!!                19:08 Sunday, November 2, 2003   4

                                          Obs     Name     Sex    Age    Height    Weight

                                            1    Alfred     M      14      69       112.5
 
 
 
 
 
 
 
 
 
 
 
 
 
 
 
 
 
 
 
 
 
 
 
 
 
 
 
 
 
 
 
 
 
 
 
 
 
 
 
 
 
 
 
 
 
 
 
 
 
 
 
 
 
 
                                                 ######## My New Footnote ########
                                                  !!!!!!!!! My New Title !!!!!!!!!                19:08 Sunday, November 2, 2003   5

                                          Obs     Name     Sex    Age    Height    Weight

                                            1    Alfred     M      14      69       112.5
 
 
 
 
 
 
 
 
 
 
 
 
 
 
 
 
 
 
 
 
 
 
 
 
 
 
 
 
 
 
 
 
 
 
 
 
 
 
 
 
 
 
 
 
 
 
 
 
 
 
 
 
 
 
                                                 ######## My New Footnote ########
                                                  !!!!!!!!! My New Title !!!!!!!!!                19:08 Sunday, November 2, 2003   6

                                          Obs     Name     Sex    Age    Height    Weight

                                            1    Alfred     M      14      69       112.5
 
 
 
 
 
 
 
 
 
 
 
 
 
 
 
 
 
 
 
 
 
 
 
 
 
 
 
 
 
 
 
 
 
 
 
 
 
 
 
 
 
 
 
 
 
 
 
 
 
 
 
 
 
 
                                                 ######## My New Footnote ########
